id,channel_id,text,username,timestamp
202210151203-1c575556-fec8-3ee8-64ba-67c2a351c6b3,2,チャンネル2のメッセージ,ユーザー,2022-10-15 12:03:00